make[1]: Entering directory `/home/willebrand/School/compilers/parser'
