make[1]: Entering directory `/home/willebrand/School/compilers/Assignment2/stub/temp/pyparse'
make[1]: Leaving directory `/home/willebrand/School/compilers/Assignment2/stub/temp/pyparse'
