make[1]: Entering directory `/home/willebrand/School/compilers/Assignment2/stub/temp/pyparse'
